#
# There is insufficient memory for the Java Runtime Environment to continue.
# Native memory allocation (malloc) failed to allocate 294992 bytes. Error detail: Chunk::new
# Possible reasons:
#   The system is out of physical RAM or swap space
#   This process is running with CompressedOops enabled, and the Java Heap may be blocking the growth of the native heap
# Possible solutions:
#   Reduce memory load on the system
#   Increase physical memory or swap space
#   Check if swap backing store is full
#   Decrease Java heap size (-Xmx/-Xms)
#   Decrease number of Java threads
#   Decrease Java thread stack sizes (-Xss)
#   Set larger code cache with -XX:ReservedCodeCacheSize=
#   JVM is running with Unscaled Compressed Oops mode in which the Java heap is
#     placed in the first 4GB address space. The Java Heap base address is the
#     maximum limit for the native heap growth. Please use -XX:HeapBaseMinAddress
#     to set the Java Heap base and to place the Java Heap above 4GB virtual address.
# This output file may be truncated or incomplete.
#
#  Out of Memory Error (arena.cpp:168), pid=15280, tid=4584
#
# JRE version: OpenJDK Runtime Environment (21.0.10) (build 21.0.10+-14961533-b1163.108)
# Java VM: OpenJDK 64-Bit Server VM (21.0.10+-14961533-b1163.108, mixed mode, tiered, compressed oops, compressed class ptrs, g1 gc, windows-amd64)
# No core dump will be written. Minidumps are not enabled by default on client versions of Windows
#

---------------  S U M M A R Y ------------

Command Line: org.jetbrains.kotlin.cli.jvm.K2JVMCompiler @C:\Users\MINEDUCYT\AndroidStudioProjects\idfun2\app\build\20261001_15588863305898392048.compiler.options

Host: Intel(R) Celeron(R) N5100 @ 1.10GHz, 4 cores, 3G,  Windows 11 , 64 bit Build 26100 (10.0.26100.5074)
Time: Thu Oct  1 11:43:36 2026 Hora estándar, América Central elapsed time: 8.005359 seconds (0d 0h 0m 8s)

---------------  T H R E A D  ---------------

Current thread (0x0000029ee32fa0a0):  JavaThread "C2 CompilerThread0" daemon [_thread_in_native, id=4584, stack(0x000000bfcb800000,0x000000bfcb900000) (1024K)]


Current CompileTask:
C2:8005 2515       4       java.util.jar.JarFile::getEntry (35 bytes)

Stack: [0x000000bfcb800000,0x000000bfcb900000]
Native frames: (J=compiled Java code, j=interpreted, Vv=VM code, C=native code)
V  [jvm.dll+0x6d78a9]
V  [jvm.dll+0x8665b3]
V  [jvm.dll+0x868bde]
V  [jvm.dll+0x8692c3]
V  [jvm.dll+0x280ee6]
V  [jvm.dll+0xc07cd]
V  [jvm.dll+0xc0d03]
V  [jvm.dll+0x3ba0cb]
V  [jvm.dll+0x385df7]
V  [jvm.dll+0x38526a]
V  [jvm.dll+0x249bd2]
V  [jvm.dll+0x2491a1]
V  [jvm.dll+0x1c76e4]
V  [jvm.dll+0x25891e]
V  [jvm.dll+0x256e66]
V  [jvm.dll+0x3f513e]
V  [jvm.dll+0x80fd28]
V  [jvm.dll+0x6d60fd]
C  [ucrtbase.dll+0x37b0]
C  [KERNEL32.DLL+0x2e8d7]
C  [ntdll.dll+0x8d9c]


---------------  P R O C E S S  ---------------

Threads class SMR info:
_java_thread_list=0x0000029ee36ba640, length=11, elements={
0x0000029ecd7f9910, 0x0000029ee319fa60, 0x0000029ee330f670, 0x0000029ee31aeb20,
0x0000029ee31b0350, 0x0000029ee31b09c0, 0x0000029ee31b1420, 0x0000029ee31bddb0,
0x0000029ee32fa0a0, 0x0000029ee33378f0, 0x0000029ee34b45d0
}

Java Threads: ( => current thread )
  0x0000029ecd7f9910 JavaThread "main"                              [_thread_in_native, id=13912, stack(0x000000bfca900000,0x000000bfcaa00000) (1024K)]
  0x0000029ee319fa60 JavaThread "Common-Cleaner"             daemon [_thread_blocked, id=18204, stack(0x000000bfcb100000,0x000000bfcb200000) (1024K)]
  0x0000029ee330f670 JavaThread "Reference Handler"          daemon [_thread_blocked, id=11484, stack(0x000000bfcb200000,0x000000bfcb300000) (1024K)]
  0x0000029ee31aeb20 JavaThread "Finalizer"                  daemon [_thread_blocked, id=6704, stack(0x000000bfcb300000,0x000000bfcb400000) (1024K)]
  0x0000029ee31b0350 JavaThread "Signal Dispatcher"          daemon [_thread_blocked, id=16216, stack(0x000000bfcb400000,0x000000bfcb500000) (1024K)]
  0x0000029ee31b09c0 JavaThread "Attach Listener"            daemon [_thread_blocked, id=9876, stack(0x000000bfcb500000,0x000000bfcb600000) (1024K)]
  0x0000029ee31b1420 JavaThread "Service Thread"             daemon [_thread_blocked, id=6924, stack(0x000000bfcb600000,0x000000bfcb700000) (1024K)]
  0x0000029ee31bddb0 JavaThread "Monitor Deflation Thread"   daemon [_thread_blocked, id=8316, stack(0x000000bfcb700000,0x000000bfcb800000) (1024K)]
=>0x0000029ee32fa0a0 JavaThread "C2 CompilerThread0"         daemon [_thread_in_native, id=4584, stack(0x000000bfcb800000,0x000000bfcb900000) (1024K)]
  0x0000029ee33378f0 JavaThread "C1 CompilerThread0"         daemon [_thread_blocked, id=11364, stack(0x000000bfcb900000,0x000000bfcba00000) (1024K)]
  0x0000029ee34b45d0 JavaThread "Notification Thread"        daemon [_thread_blocked, id=19120, stack(0x000000bfcba00000,0x000000bfcbb00000) (1024K)]
Total: 11

Other Threads:
  0x0000029ee3124db0 VMThread "VM Thread"                           [id=10360, stack(0x000000bfcb000000,0x000000bfcb100000) (1024K)]
  0x0000029ee30dd690 WatcherThread "VM Periodic Task Thread"        [id=13620, stack(0x000000bfcaf00000,0x000000bfcb000000) (1024K)]
  0x0000029ecd82c810 WorkerThread "GC Thread#0"                     [id=18672, stack(0x000000bfcaa00000,0x000000bfcab00000) (1024K)]
  0x0000029ee39c8880 WorkerThread "GC Thread#1"                     [id=13916, stack(0x000000bfcbb00000,0x000000bfcbc00000) (1024K)]
  0x0000029ee3a0bb80 WorkerThread "GC Thread#2"                     [id=11312, stack(0x000000bfcbc00000,0x000000bfcbd00000) (1024K)]
  0x0000029ee39d2900 WorkerThread "GC Thread#3"                     [id=12308, stack(0x000000bfcbd00000,0x000000bfcbe00000) (1024K)]
  0x0000029ecd835a50 ConcurrentGCThread "G1 Main Marker"            [id=5916, stack(0x000000bfcab00000,0x000000bfcac00000) (1024K)]
  0x0000029ecd836560 WorkerThread "G1 Conc#0"                       [id=13340, stack(0x000000bfcac00000,0x000000bfcad00000) (1024K)]
  0x0000029ecd88f700 ConcurrentGCThread "G1 Refine#0"               [id=4040, stack(0x000000bfcad00000,0x000000bfcae00000) (1024K)]
  0x0000029ecd891130 ConcurrentGCThread "G1 Service"                [id=8144, stack(0x000000bfcae00000,0x000000bfcaf00000) (1024K)]
Total: 10

Threads with active compile tasks:
C2 CompilerThread0  8060 2515       4       java.util.jar.JarFile::getEntry (35 bytes)
Total: 1

VM state: not at safepoint (normal execution)

VM Mutex/Monitor currently owned by a thread: None

Heap address: 0x00000000c2e00000, size: 978 MB, Compressed Oops mode: 32-bit

CDS archive(s) not mapped
Compressed class space mapped at: 0x0000000100000000-0x0000000140000000, reserved size: 1073741824
Narrow klass base: 0x0000000000000000, Narrow klass shift: 3, Narrow klass range: 0x140000000

GC Precious Log:
 CardTable entry size: 512
 Card Set container configuration: InlinePtr #cards 5 size 8 Array Of Cards #cards 12 size 40 Howl #buckets 4 coarsen threshold 1843 Howl Bitmap #cards 512 size 80 coarsen threshold 460 Card regions per heap region 1 cards per card region 2048
 CPUs: 4 total, 4 available
 Memory: 3911M
 Large Page Support: Disabled
 NUMA Support: Disabled
 Compressed Oops: Enabled (32-bit)
 Heap Region Size: 1M
 Heap Min Capacity: 8M
 Heap Initial Capacity: 62M
 Heap Max Capacity: 978M
 Pre-touch: Disabled
 Parallel Workers: 4
 Concurrent Workers: 1
 Concurrent Refinement Workers: 4
 Periodic GC: Disabled

Heap:
 garbage-first heap   total 57344K, used 41665K [0x00000000c2e00000, 0x0000000100000000)
  region size 1024K, 18 young (18432K), 1 survivors (1024K)
 Metaspace       used 39240K, committed 39488K, reserved 1114112K
  class space    used 4806K, committed 4928K, reserved 1048576K

Heap Regions: E=young(eden), S=young(survivor), O=old, HS=humongous(starts), HC=humongous(continues), CS=collection set, F=free, TAMS=top-at-mark-start, PB=parsable bottom
|   0|0x00000000c2e00000, 0x00000000c2f00000, 0x00000000c2f00000|100%|HS|  |TAMS 0x00000000c2e00000| PB 0x00000000c2e00000| Complete 
|   1|0x00000000c2f00000, 0x00000000c3000000, 0x00000000c3000000|100%|HC|  |TAMS 0x00000000c2f00000| PB 0x00000000c2f00000| Complete 
|   2|0x00000000c3000000, 0x00000000c3100000, 0x00000000c3100000|100%|HC|  |TAMS 0x00000000c3000000| PB 0x00000000c3000000| Complete 
|   3|0x00000000c3100000, 0x00000000c3200000, 0x00000000c3200000|100%| O|  |TAMS 0x00000000c3100000| PB 0x00000000c3100000| Untracked 
|   4|0x00000000c3200000, 0x00000000c3300000, 0x00000000c3300000|100%| O|  |TAMS 0x00000000c3200000| PB 0x00000000c3200000| Untracked 
|   5|0x00000000c3300000, 0x00000000c3400000, 0x00000000c3400000|100%| O|  |TAMS 0x00000000c3300000| PB 0x00000000c3300000| Untracked 
|   6|0x00000000c3400000, 0x00000000c3500000, 0x00000000c3500000|100%| O|  |TAMS 0x00000000c3400000| PB 0x00000000c3400000| Untracked 
|   7|0x00000000c3500000, 0x00000000c3600000, 0x00000000c3600000|100%| O|  |TAMS 0x00000000c3500000| PB 0x00000000c3500000| Untracked 
|   8|0x00000000c3600000, 0x00000000c3700000, 0x00000000c3700000|100%| O|  |TAMS 0x00000000c3600000| PB 0x00000000c3600000| Untracked 
|   9|0x00000000c3700000, 0x00000000c3800000, 0x00000000c3800000|100%| O|  |TAMS 0x00000000c3700000| PB 0x00000000c3700000| Untracked 
|  10|0x00000000c3800000, 0x00000000c3900000, 0x00000000c3900000|100%| O|  |TAMS 0x00000000c3800000| PB 0x00000000c3800000| Untracked 
|  11|0x00000000c3900000, 0x00000000c3a00000, 0x00000000c3a00000|100%| O|  |TAMS 0x00000000c3900000| PB 0x00000000c3900000| Untracked 
|  12|0x00000000c3a00000, 0x00000000c3b00000, 0x00000000c3b00000|100%| O|  |TAMS 0x00000000c3a00000| PB 0x00000000c3a00000| Untracked 
|  13|0x00000000c3b00000, 0x00000000c3c00000, 0x00000000c3c00000|100%| O|  |TAMS 0x00000000c3b00000| PB 0x00000000c3b00000| Untracked 
|  14|0x00000000c3c00000, 0x00000000c3d00000, 0x00000000c3d00000|100%| O|  |TAMS 0x00000000c3c00000| PB 0x00000000c3c00000| Untracked 
|  15|0x00000000c3d00000, 0x00000000c3e00000, 0x00000000c3e00000|100%| O|  |TAMS 0x00000000c3d00000| PB 0x00000000c3d00000| Untracked 
|  16|0x00000000c3e00000, 0x00000000c3f00000, 0x00000000c3f00000|100%| O|  |TAMS 0x00000000c3e00000| PB 0x00000000c3e00000| Untracked 
|  17|0x00000000c3f00000, 0x00000000c4000000, 0x00000000c4000000|100%| O|  |TAMS 0x00000000c3f00000| PB 0x00000000c3f00000| Untracked 
|  18|0x00000000c4000000, 0x00000000c4100000, 0x00000000c4100000|100%| O|  |TAMS 0x00000000c4000000| PB 0x00000000c4000000| Untracked 
|  19|0x00000000c4100000, 0x00000000c41de510, 0x00000000c4200000| 86%| O|  |TAMS 0x00000000c4100000| PB 0x00000000c4100000| Untracked 
|  20|0x00000000c4200000, 0x00000000c4200000, 0x00000000c4300000|  0%| F|  |TAMS 0x00000000c4200000| PB 0x00000000c4200000| Untracked 
|  21|0x00000000c4300000, 0x00000000c4300000, 0x00000000c4400000|  0%| F|  |TAMS 0x00000000c4300000| PB 0x00000000c4300000| Untracked 
|  22|0x00000000c4400000, 0x00000000c4400000, 0x00000000c4500000|  0%| F|  |TAMS 0x00000000c4400000| PB 0x00000000c4400000| Untracked 
|  23|0x00000000c4500000, 0x00000000c4500000, 0x00000000c4600000|  0%| F|  |TAMS 0x00000000c4500000| PB 0x00000000c4500000| Untracked 
|  24|0x00000000c4600000, 0x00000000c4600000, 0x00000000c4700000|  0%| F|  |TAMS 0x00000000c4600000| PB 0x00000000c4600000| Untracked 
|  25|0x00000000c4700000, 0x00000000c4700000, 0x00000000c4800000|  0%| F|  |TAMS 0x00000000c4700000| PB 0x00000000c4700000| Untracked 
|  26|0x00000000c4800000, 0x00000000c4800000, 0x00000000c4900000|  0%| F|  |TAMS 0x00000000c4800000| PB 0x00000000c4800000| Untracked 
|  27|0x00000000c4900000, 0x00000000c4900000, 0x00000000c4a00000|  0%| F|  |TAMS 0x00000000c4900000| PB 0x00000000c4900000| Untracked 
|  28|0x00000000c4a00000, 0x00000000c4a00000, 0x00000000c4b00000|  0%| F|  |TAMS 0x00000000c4a00000| PB 0x00000000c4a00000| Untracked 
|  29|0x00000000c4b00000, 0x00000000c4b00000, 0x00000000c4c00000|  0%| F|  |TAMS 0x00000000c4b00000| PB 0x00000000c4b00000| Untracked 
|  30|0x00000000c4c00000, 0x00000000c4c00000, 0x00000000c4d00000|  0%| F|  |TAMS 0x00000000c4c00000| PB 0x00000000c4c00000| Untracked 
|  31|0x00000000c4d00000, 0x00000000c4d00000, 0x00000000c4e00000|  0%| F|  |TAMS 0x00000000c4d00000| PB 0x00000000c4d00000| Untracked 
|  32|0x00000000c4e00000, 0x00000000c4e00000, 0x00000000c4f00000|  0%| F|  |TAMS 0x00000000c4e00000| PB 0x00000000c4e00000| Untracked 
|  33|0x00000000c4f00000, 0x00000000c4fd7100, 0x00000000c5000000| 84%| E|  |TAMS 0x00000000c4f00000| PB 0x00000000c4f00000| Complete 
|  34|0x00000000c5000000, 0x00000000c5100000, 0x00000000c5100000|100%| E|CS|TAMS 0x00000000c5000000| PB 0x00000000c5000000| Complete 
|  35|0x00000000c5100000, 0x00000000c5200000, 0x00000000c5200000|100%| E|CS|TAMS 0x00000000c5100000| PB 0x00000000c5100000| Complete 
|  36|0x00000000c5200000, 0x00000000c5300000, 0x00000000c5300000|100%| E|CS|TAMS 0x00000000c5200000| PB 0x00000000c5200000| Complete 
|  37|0x00000000c5300000, 0x00000000c5400000, 0x00000000c5400000|100%| E|CS|TAMS 0x00000000c5300000| PB 0x00000000c5300000| Complete 
|  38|0x00000000c5400000, 0x00000000c5500000, 0x00000000c5500000|100%| E|CS|TAMS 0x00000000c5400000| PB 0x00000000c5400000| Complete 
|  39|0x00000000c5500000, 0x00000000c5600000, 0x00000000c5600000|100%| E|CS|TAMS 0x00000000c5500000| PB 0x00000000c5500000| Complete 
|  40|0x00000000c5600000, 0x00000000c5700000, 0x00000000c5700000|100%| E|CS|TAMS 0x00000000c5600000| PB 0x00000000c5600000| Complete 
|  41|0x00000000c5700000, 0x00000000c5800000, 0x00000000c5800000|100%| E|CS|TAMS 0x00000000c5700000| PB 0x00000000c5700000| Complete 
|  42|0x00000000c5800000, 0x00000000c5900000, 0x00000000c5900000|100%| E|CS|TAMS 0x00000000c5800000| PB 0x00000000c5800000| Complete 
|  43|0x00000000c5900000, 0x00000000c5a00000, 0x00000000c5a00000|100%| E|CS|TAMS 0x00000000c5900000| PB 0x00000000c5900000| Complete 
|  44|0x00000000c5a00000, 0x00000000c5b00000, 0x00000000c5b00000|100%| E|CS|TAMS 0x00000000c5a00000| PB 0x00000000c5a00000| Complete 
|  45|0x00000000c5b00000, 0x00000000c5c00000, 0x00000000c5c00000|100%| E|CS|TAMS 0x00000000c5b00000| PB 0x00000000c5b00000| Complete 
|  46|0x00000000c5c00000, 0x00000000c5cd2090, 0x00000000c5d00000| 82%| S|CS|TAMS 0x00000000c5c00000| PB 0x00000000c5c00000| Complete 
|  47|0x00000000c5d00000, 0x00000000c5e00000, 0x00000000c5e00000|100%| E|CS|TAMS 0x00000000c5d00000| PB 0x00000000c5d00000| Complete 
|  48|0x00000000c5e00000, 0x00000000c5f00000, 0x00000000c5f00000|100%| E|CS|TAMS 0x00000000c5e00000| PB 0x00000000c5e00000| Complete 
|  49|0x00000000c5f00000, 0x00000000c6000000, 0x00000000c6000000|100%| E|  |TAMS 0x00000000c5f00000| PB 0x00000000c5f00000| Complete 
|  61|0x00000000c6b00000, 0x00000000c6c00000, 0x00000000c6c00000|100%| E|CS|TAMS 0x00000000c6b00000| PB 0x00000000c6b00000| Complete 
| 973|0x00000000ffb00000, 0x00000000ffc00000, 0x00000000ffc00000|100%| O|Cm|TAMS 0x00000000ffb00000| PB 0x00000000ffb00000| Complete 
| 974|0x00000000ffc00000, 0x00000000ffd00000, 0x00000000ffd00000|100%| O|  |TAMS 0x00000000ffc00000| PB 0x00000000ffc00000| Untracked 
| 975|0x00000000ffd00000, 0x00000000ffe00000, 0x00000000ffe00000|100%| O|  |TAMS 0x00000000ffd00000| PB 0x00000000ffd00000| Untracked 
| 976|0x00000000ffe00000, 0x00000000fff00000, 0x00000000fff00000|100%| O|  |TAMS 0x00000000ffe00000| PB 0x00000000ffe00000| Untracked 
| 977|0x00000000fff00000, 0x0000000100000000, 0x0000000100000000|100%| O|  |TAMS 0x00000000fff00000| PB 0x00000000fff00000| Untracked 

Card table byte_map: [0x0000029edfb50000,0x0000029edfd40000] _byte_map_base: 0x0000029edf539000

Marking Bits: (CMBitMap*) 0x0000029ecd82d730
 Bits: [0x0000029edfd40000, 0x0000029ee0c88000)

Polling page: 0x0000029ecba50000

Metaspace:

Usage:
  Non-class:     33.67 MB used.
      Class:      4.70 MB used.
       Both:     38.36 MB used.

Virtual space:
  Non-class space:       64.00 MB reserved,      33.75 MB ( 53%) committed,  1 nodes.
      Class space:        1.00 GB reserved,       4.81 MB ( <1%) committed,  1 nodes.
             Both:        1.06 GB reserved,      38.56 MB (  4%) committed. 

Chunk freelists:
   Non-Class:  13.31 MB
       Class:  11.20 MB
        Both:  24.52 MB

MaxMetaspaceSize: unlimited
CompressedClassSpaceSize: 1.00 GB
Initial GC threshold: 21.00 MB
Current GC threshold: 59.06 MB
CDS: off
 - commit_granule_bytes: 65536.
 - commit_granule_words: 8192.
 - virtual_space_node_default_size: 8388608.
 - enlarge_chunks_in_place: 1.
 - use_allocation_guard: 0.


Internal statistics:

num_allocs_failed_limit: 6.
num_arena_births: 190.
num_arena_deaths: 0.
num_vsnodes_births: 2.
num_vsnodes_deaths: 0.
num_space_committed: 617.
num_space_uncommitted: 0.
num_chunks_returned_to_freelist: 6.
num_chunks_taken_from_freelist: 1222.
num_chunk_merges: 6.
num_chunk_splits: 1029.
num_chunks_enlarged: 924.
num_inconsistent_stats: 0.

CodeHeap 'non-profiled nmethods': size=120000Kb used=946Kb max_used=946Kb free=119053Kb
 bounds [0x0000029ed8430000, 0x0000029ed86a0000, 0x0000029edf960000]
CodeHeap 'profiled nmethods': size=120000Kb used=4447Kb max_used=4554Kb free=115552Kb
 bounds [0x0000029ed0960000, 0x0000029ed0de0000, 0x0000029ed7e90000]
CodeHeap 'non-nmethods': size=5760Kb used=1376Kb max_used=1411Kb free=4384Kb
 bounds [0x0000029ed7e90000, 0x0000029ed8100000, 0x0000029ed8430000]
CodeCache: size=245760Kb, used=6769Kb, max_used=6911Kb, free=238989Kb
 total_blobs=2957, nmethods=2394, adapters=468, full_count=0
Compilation: enabled, stopped_count=0, restarted_count=0

Compilation events (20 events):
Event: 7.867 Thread 0x0000029ee33378f0 nmethod 2505 0x0000029ed0987710 code [0x0000029ed09878c0, 0x0000029ed0987a28]
Event: 7.867 Thread 0x0000029ee33378f0 2506       1       org.jetbrains.kotlin.fir.analysis.checkers.expression.FirExpressionChecker::getMppKind (5 bytes)
Event: 7.867 Thread 0x0000029ee33378f0 nmethod 2506 0x0000029ed851bc10 code [0x0000029ed851bda0, 0x0000029ed851be68]
Event: 7.884 Thread 0x0000029ee33378f0 2507       3       java.util.LinkedHashMap::keySet (5 bytes)
Event: 7.884 Thread 0x0000029ee33378f0 nmethod 2507 0x0000029ed09b7c10 code [0x0000029ed09b7dc0, 0x0000029ed09b7f18]
Event: 7.884 Thread 0x0000029ee33378f0 2508       3       java.util.LinkedHashMap::sequencedKeySet (31 bytes)
Event: 7.885 Thread 0x0000029ee33378f0 nmethod 2508 0x0000029ed096fe90 code [0x0000029ed0970060, 0x0000029ed0970548]
Event: 7.921 Thread 0x0000029ee33378f0 2509       3       java.util.LinkedHashMap$LinkedEntryIterator::next (5 bytes)
Event: 7.922 Thread 0x0000029ee33378f0 nmethod 2509 0x0000029ed09de290 code [0x0000029ed09de440, 0x0000029ed09de5d8]
Event: 7.922 Thread 0x0000029ee33378f0 2510       3       java.util.LinkedHashMap$LinkedEntryIterator::next (5 bytes)
Event: 7.922 Thread 0x0000029ee33378f0 nmethod 2510 0x0000029ed0994010 code [0x0000029ed09941c0, 0x0000029ed09942f8]
Event: 7.922 Thread 0x0000029ee33378f0 2511       1       kotlin.Pair::getSecond (5 bytes)
Event: 7.922 Thread 0x0000029ee33378f0 nmethod 2511 0x0000029ed851bf10 code [0x0000029ed851c0a0, 0x0000029ed851c168]
Event: 7.937 Thread 0x0000029ee32fa0a0 2512   !   4       jdk.internal.loader.URLClassPath$JarLoader::ensureOpen (36 bytes)
Event: 7.940 Thread 0x0000029ee32fa0a0 nmethod 2512 0x0000029ed851c210 code [0x0000029ed851c3c0, 0x0000029ed851c518]
Event: 7.948 Thread 0x0000029ee33378f0 2513       3       org.jetbrains.kotlin.name.FqNameUnsafe::<init> (20 bytes)
Event: 7.948 Thread 0x0000029ee33378f0 nmethod 2513 0x0000029ed0a13710 code [0x0000029ed0a138c0, 0x0000029ed0a13b40]
Event: 7.949 Thread 0x0000029ee33378f0 2514       3       org.jetbrains.kotlin.name.FqName::<init> (16 bytes)
Event: 7.949 Thread 0x0000029ee32fa0a0 2515       4       java.util.jar.JarFile::getEntry (35 bytes)
Event: 7.950 Thread 0x0000029ee33378f0 nmethod 2514 0x0000029ed09ae790 code [0x0000029ed09ae9c0, 0x0000029ed09af008]

GC Heap History (18 events):
Event: 2.471 GC heap before
{Heap before GC invocations=0 (full 0):
 garbage-first heap   total 63488K, used 16384K [0x00000000c2e00000, 0x0000000100000000)
  region size 1024K, 13 young (13312K), 0 survivors (0K)
 Metaspace       used 12083K, committed 12224K, reserved 1114112K
  class space    used 1081K, committed 1152K, reserved 1048576K
}
Event: 2.482 GC heap after
{Heap after GC invocations=1 (full 0):
 garbage-first heap   total 63488K, used 5588K [0x00000000c2e00000, 0x0000000100000000)
  region size 1024K, 2 young (2048K), 2 survivors (2048K)
 Metaspace       used 12083K, committed 12224K, reserved 1114112K
  class space    used 1081K, committed 1152K, reserved 1048576K
}
Event: 3.453 GC heap before
{Heap before GC invocations=1 (full 0):
 garbage-first heap   total 63488K, used 22996K [0x00000000c2e00000, 0x0000000100000000)
  region size 1024K, 20 young (20480K), 2 survivors (2048K)
 Metaspace       used 16638K, committed 16768K, reserved 1114112K
  class space    used 1703K, committed 1792K, reserved 1048576K
}
Event: 3.463 GC heap after
{Heap after GC invocations=2 (full 0):
 garbage-first heap   total 63488K, used 7205K [0x00000000c2e00000, 0x0000000100000000)
  region size 1024K, 2 young (2048K), 2 survivors (2048K)
 Metaspace       used 16638K, committed 16768K, reserved 1114112K
  class space    used 1703K, committed 1792K, reserved 1048576K
}
Event: 4.244 GC heap before
{Heap before GC invocations=2 (full 0):
 garbage-first heap   total 63488K, used 20517K [0x00000000c2e00000, 0x0000000100000000)
  region size 1024K, 16 young (16384K), 2 survivors (2048K)
 Metaspace       used 21376K, committed 21504K, reserved 1114112K
  class space    used 2296K, committed 2368K, reserved 1048576K
}
Event: 4.251 GC heap after
{Heap after GC invocations=3 (full 0):
 garbage-first heap   total 63488K, used 7853K [0x00000000c2e00000, 0x0000000100000000)
  region size 1024K, 3 young (3072K), 3 survivors (3072K)
 Metaspace       used 21376K, committed 21504K, reserved 1114112K
  class space    used 2296K, committed 2368K, reserved 1048576K
}
Event: 5.069 GC heap before
{Heap before GC invocations=4 (full 0):
 garbage-first heap   total 30720K, used 29357K [0x00000000c2e00000, 0x0000000100000000)
  region size 1024K, 24 young (24576K), 3 survivors (3072K)
 Metaspace       used 26105K, committed 26304K, reserved 1114112K
  class space    used 2882K, committed 2944K, reserved 1048576K
}
Event: 5.086 GC heap after
{Heap after GC invocations=5 (full 0):
 garbage-first heap   total 36864K, used 11668K [0x00000000c2e00000, 0x0000000100000000)
  region size 1024K, 5 young (5120K), 5 survivors (5120K)
 Metaspace       used 26105K, committed 26304K, reserved 1114112K
  class space    used 2882K, committed 2944K, reserved 1048576K
}
Event: 5.335 GC heap before
{Heap before GC invocations=5 (full 0):
 garbage-first heap   total 36864K, used 28052K [0x00000000c2e00000, 0x0000000100000000)
  region size 1024K, 21 young (21504K), 5 survivors (5120K)
 Metaspace       used 26386K, committed 26688K, reserved 1114112K
  class space    used 2915K, committed 3072K, reserved 1048576K
}
Event: 5.364 GC heap after
{Heap after GC invocations=6 (full 0):
 garbage-first heap   total 40960K, used 18432K [0x00000000c2e00000, 0x0000000100000000)
  region size 1024K, 3 young (3072K), 3 survivors (3072K)
 Metaspace       used 26386K, committed 26688K, reserved 1114112K
  class space    used 2915K, committed 3072K, reserved 1048576K
}
Event: 5.960 GC heap before
{Heap before GC invocations=6 (full 0):
 garbage-first heap   total 40960K, used 30720K [0x00000000c2e00000, 0x0000000100000000)
  region size 1024K, 15 young (15360K), 3 survivors (3072K)
 Metaspace       used 28690K, committed 28992K, reserved 1114112K
  class space    used 3152K, committed 3264K, reserved 1048576K
}
Event: 5.971 GC heap after
{Heap after GC invocations=7 (full 0):
 garbage-first heap   total 40960K, used 20129K [0x00000000c2e00000, 0x0000000100000000)
  region size 1024K, 2 young (2048K), 2 survivors (2048K)
 Metaspace       used 28690K, committed 28992K, reserved 1114112K
  class space    used 3152K, committed 3264K, reserved 1048576K
}
Event: 6.267 GC heap before
{Heap before GC invocations=7 (full 0):
 garbage-first heap   total 40960K, used 30369K [0x00000000c2e00000, 0x0000000100000000)
  region size 1024K, 13 young (13312K), 2 survivors (2048K)
 Metaspace       used 29969K, committed 30208K, reserved 1114112K
  class space    used 3275K, committed 3392K, reserved 1048576K
}
Event: 6.274 GC heap after
{Heap after GC invocations=8 (full 0):
 garbage-first heap   total 57344K, used 21272K [0x00000000c2e00000, 0x0000000100000000)
  region size 1024K, 2 young (2048K), 2 survivors (2048K)
 Metaspace       used 29969K, committed 30208K, reserved 1114112K
  class space    used 3275K, committed 3392K, reserved 1048576K
}
Event: 7.250 GC heap before
{Heap before GC invocations=8 (full 0):
 garbage-first heap   total 57344K, used 42776K [0x00000000c2e00000, 0x0000000100000000)
  region size 1024K, 24 young (24576K), 2 survivors (2048K)
 Metaspace       used 35271K, committed 35584K, reserved 1114112K
  class space    used 4361K, committed 4480K, reserved 1048576K
}
Event: 7.263 GC heap after
{Heap after GC invocations=9 (full 0):
 garbage-first heap   total 57344K, used 25006K [0x00000000c2e00000, 0x0000000100000000)
  region size 1024K, 3 young (3072K), 3 survivors (3072K)
 Metaspace       used 35271K, committed 35584K, reserved 1114112K
  class space    used 4361K, committed 4480K, reserved 1048576K
}
Event: 7.370 GC heap before
{Heap before GC invocations=9 (full 0):
 garbage-first heap   total 57344K, used 28078K [0x00000000c2e00000, 0x0000000100000000)
  region size 1024K, 7 young (7168K), 3 survivors (3072K)
 Metaspace       used 35849K, committed 36096K, reserved 1114112K
  class space    used 4425K, committed 4544K, reserved 1048576K
}
Event: 7.379 GC heap after
{Heap after GC invocations=10 (full 0):
 garbage-first heap   total 57344K, used 26305K [0x00000000c2e00000, 0x0000000100000000)
  region size 1024K, 1 young (1024K), 1 survivors (1024K)
 Metaspace       used 35849K, committed 36096K, reserved 1114112K
  class space    used 4425K, committed 4544K, reserved 1048576K
}

Dll operation events (3 events):
Event: 0.051 Loaded shared library C:\Program Files\Android\Android Studio\jbr\bin\java.dll
Event: 0.071 Loaded shared library C:\Program Files\Android\Android Studio\jbr\bin\zip.dll
Event: 4.720 Loaded shared library C:\Program Files\Android\Android Studio\jbr\bin\verify.dll

Deoptimization events (20 events):
Event: 7.126 Thread 0x0000029ecd7f9910 Uncommon trap: trap_request=0xffffffde fr.pc=0x0000029ed8477270 relative=0x0000000000000290
Event: 7.126 Thread 0x0000029ecd7f9910 Uncommon trap: reason=class_check action=maybe_recompile pc=0x0000029ed8477270 method=java.util.HashMap.getNode(Ljava/lang/Object;)Ljava/util/HashMap$Node; @ 128 c2
Event: 7.126 Thread 0x0000029ecd7f9910 DEOPT PACKING pc=0x0000029ed8477270 sp=0x000000bfca9fcf20
Event: 7.126 Thread 0x0000029ecd7f9910 DEOPT UNPACKING pc=0x0000029ed7ee429c sp=0x000000bfca9fce98 mode 2
Event: 7.656 Thread 0x0000029ecd7f9910 Uncommon trap: trap_request=0xffffffde fr.pc=0x0000029ed847903c relative=0x000000000000011c
Event: 7.656 Thread 0x0000029ecd7f9910 Uncommon trap: reason=class_check action=maybe_recompile pc=0x0000029ed847903c method=jdk.internal.misc.Unsafe.allocateUninitializedArray(Ljava/lang/Class;I)Ljava/lang/Object; @ 51 c2
Event: 7.656 Thread 0x0000029ecd7f9910 DEOPT PACKING pc=0x0000029ed847903c sp=0x000000bfca9fc610
Event: 7.657 Thread 0x0000029ecd7f9910 DEOPT UNPACKING pc=0x0000029ed7ee429c sp=0x000000bfca9fc588 mode 2
Event: 7.657 Thread 0x0000029ecd7f9910 Uncommon trap: trap_request=0xffffffde fr.pc=0x0000029ed847903c relative=0x000000000000011c
Event: 7.657 Thread 0x0000029ecd7f9910 Uncommon trap: reason=class_check action=maybe_recompile pc=0x0000029ed847903c method=jdk.internal.misc.Unsafe.allocateUninitializedArray(Ljava/lang/Class;I)Ljava/lang/Object; @ 51 c2
Event: 7.657 Thread 0x0000029ecd7f9910 DEOPT PACKING pc=0x0000029ed847903c sp=0x000000bfca9fc1d0
Event: 7.657 Thread 0x0000029ecd7f9910 DEOPT UNPACKING pc=0x0000029ed7ee429c sp=0x000000bfca9fc148 mode 2
Event: 7.657 Thread 0x0000029ecd7f9910 Uncommon trap: trap_request=0xffffffde fr.pc=0x0000029ed847903c relative=0x000000000000011c
Event: 7.657 Thread 0x0000029ecd7f9910 Uncommon trap: reason=class_check action=maybe_recompile pc=0x0000029ed847903c method=jdk.internal.misc.Unsafe.allocateUninitializedArray(Ljava/lang/Class;I)Ljava/lang/Object; @ 51 c2
Event: 7.657 Thread 0x0000029ecd7f9910 DEOPT PACKING pc=0x0000029ed847903c sp=0x000000bfca9fc610
Event: 7.658 Thread 0x0000029ecd7f9910 DEOPT UNPACKING pc=0x0000029ed7ee429c sp=0x000000bfca9fc588 mode 2
Event: 7.658 Thread 0x0000029ecd7f9910 Uncommon trap: trap_request=0xffffffde fr.pc=0x0000029ed847903c relative=0x000000000000011c
Event: 7.658 Thread 0x0000029ecd7f9910 Uncommon trap: reason=class_check action=maybe_recompile pc=0x0000029ed847903c method=jdk.internal.misc.Unsafe.allocateUninitializedArray(Ljava/lang/Class;I)Ljava/lang/Object; @ 51 c2
Event: 7.658 Thread 0x0000029ecd7f9910 DEOPT PACKING pc=0x0000029ed847903c sp=0x000000bfca9fc1d0
Event: 7.658 Thread 0x0000029ecd7f9910 DEOPT UNPACKING pc=0x0000029ed7ee429c sp=0x000000bfca9fc148 mode 2

Classes loaded (20 events):
Event: 5.851 Loading class java/lang/invoke/VarHandleByteArrayAsFloats$ByteArrayViewVarHandle done
Event: 5.851 Loading class java/lang/invoke/VarHandleByteArrayAsFloats$ArrayHandle done
Event: 5.852 Loading class java/lang/invoke/VarHandleByteArrayAsLongs$ArrayHandle
Event: 5.852 Loading class java/lang/invoke/VarHandleByteArrayAsLongs$ByteArrayViewVarHandle
Event: 5.852 Loading class java/lang/invoke/VarHandleByteArrayAsLongs$ByteArrayViewVarHandle done
Event: 5.852 Loading class java/lang/invoke/VarHandleByteArrayAsLongs$ArrayHandle done
Event: 5.852 Loading class java/lang/invoke/VarHandleByteArrayAsDoubles$ArrayHandle
Event: 5.852 Loading class java/lang/invoke/VarHandleByteArrayAsDoubles$ByteArrayViewVarHandle
Event: 5.852 Loading class java/lang/invoke/VarHandleByteArrayAsDoubles$ByteArrayViewVarHandle done
Event: 5.852 Loading class java/lang/invoke/VarHandleByteArrayAsDoubles$ArrayHandle done
Event: 6.899 Loading class jdk/internal/vm/annotation/IntrinsicCandidate
Event: 6.900 Loading class jdk/internal/vm/annotation/IntrinsicCandidate done
Event: 7.164 Loading class java/util/LinkedList
Event: 7.164 Loading class java/util/AbstractSequentialList
Event: 7.165 Loading class java/util/AbstractSequentialList done
Event: 7.165 Loading class java/util/LinkedList done
Event: 7.167 Loading class java/util/LinkedList$Node
Event: 7.167 Loading class java/util/LinkedList$Node done
Event: 7.168 Loading class java/util/LinkedList$ListItr
Event: 7.168 Loading class java/util/LinkedList$ListItr done

Classes unloaded (0 events):
No events

Classes redefined (0 events):
No events

Internal exceptions (20 events):
Event: 3.903 Thread 0x0000029ecd7f9910 Exception <a 'java/lang/NoSuchMethodError'{0x00000000c64aee68}: 'int java.lang.invoke.DelegatingMethodHandle$Holder.reinvoke_L(java.lang.Object, java.lang.Object, java.lang.Object, long, int, int)'> (0x00000000c64aee68) 
thrown [s\src\hotspot\share\interpreter\linkResolver.cpp, line 784]
Event: 3.907 Thread 0x0000029ecd7f9910 Exception <a 'java/lang/NoSuchMethodError'{0x00000000c64bd038}: 'int java.lang.invoke.DelegatingMethodHandle$Holder.reinvoke_L(java.lang.Object, java.lang.Object, java.lang.Object, long, long, long)'> (0x00000000c64bd038) 
thrown [s\src\hotspot\share\interpreter\linkResolver.cpp, line 784]
Event: 3.909 Thread 0x0000029ecd7f9910 Exception <a 'java/lang/NoSuchMethodError'{0x00000000c64cb228}: 'int java.lang.invoke.DelegatingMethodHandle$Holder.reinvoke_L(java.lang.Object, java.lang.Object, java.lang.Object, long, int)'> (0x00000000c64cb228) 
thrown [s\src\hotspot\share\interpreter\linkResolver.cpp, line 784]
Event: 3.912 Thread 0x0000029ecd7f9910 Exception <a 'java/lang/NoSuchMethodError'{0x00000000c64d6870}: 'int java.lang.invoke.DirectMethodHandle$Holder.invokeSpecial(java.lang.Object, java.lang.Object, java.lang.Object, java.lang.Object)'> (0x00000000c64d6870) 
thrown [s\src\hotspot\share\interpreter\linkResolver.cpp, line 784]
Event: 3.915 Thread 0x0000029ecd7f9910 Exception <a 'java/lang/NoSuchMethodError'{0x00000000c64e5890}: 'void java.lang.invoke.DelegatingMethodHandle$Holder.reinvoke_L(java.lang.Object, java.lang.Object, java.lang.Object, long, java.lang.Object, long, long)'> (0x00000000c64e5890) 
thrown [s\src\hotspot\share\interpreter\linkResolver.cpp, line 784]
Event: 3.917 Thread 0x0000029ecd7f9910 Exception <a 'java/lang/NoSuchMethodError'{0x00000000c64ec690}: 'long java.lang.invoke.Invokers$Holder.invokeExact_MT(java.lang.Object, java.lang.Object, java.lang.Object)'> (0x00000000c64ec690) 
thrown [s\src\hotspot\share\interpreter\linkResolver.cpp, line 784]
Event: 3.917 Thread 0x0000029ecd7f9910 Exception <a 'java/lang/NoSuchMethodError'{0x00000000c64f05c8}: 'int java.lang.invoke.Invokers$Holder.invokeExact_MT(java.lang.Object, java.lang.Object, java.lang.Object)'> (0x00000000c64f05c8) 
thrown [s\src\hotspot\share\interpreter\linkResolver.cpp, line 784]
Event: 4.008 Thread 0x0000029ecd7f9910 Exception <a 'java/lang/NoSuchMethodError'{0x00000000c62b3fd0}: 'int java.lang.invoke.DirectMethodHandle$Holder.invokeStatic(java.lang.Object)'> (0x00000000c62b3fd0) 
thrown [s\src\hotspot\share\interpreter\linkResolver.cpp, line 784]
Event: 4.009 Thread 0x0000029ecd7f9910 Exception <a 'java/lang/NoSuchMethodError'{0x00000000c62b7418}: 'int java.lang.invoke.DirectMethodHandle$Holder.invokeStaticInit(java.lang.Object)'> (0x00000000c62b7418) 
thrown [s\src\hotspot\share\interpreter\linkResolver.cpp, line 784]
Event: 4.021 Thread 0x0000029ecd7f9910 Exception <a 'java/lang/NoSuchMethodError'{0x00000000c62e55c8}: 'java.lang.Object java.lang.invoke.DirectMethodHandle$Holder.newInvokeSpecial(java.lang.Object, java.lang.Object, int)'> (0x00000000c62e55c8) 
thrown [s\src\hotspot\share\interpreter\linkResolver.cpp, line 784]
Event: 4.106 Thread 0x0000029ecd7f9910 Implicit null exception at 0x0000029ed8493df6 to 0x0000029ed8493eb8
Event: 4.174 Thread 0x0000029ecd7f9910 Implicit null exception at 0x0000029ed84942fe to 0x0000029ed8494388
Event: 4.647 Thread 0x0000029ecd7f9910 Exception <a 'java/lang/NoSuchMethodError'{0x00000000c3f8b380}: 'void java.lang.invoke.Invokers$Holder.invokeExact_MT(java.lang.Object, int, java.lang.Object)'> (0x00000000c3f8b380) 
thrown [s\src\hotspot\share\interpreter\linkResolver.cpp, line 784]
Event: 4.874 Thread 0x0000029ecd7f9910 Exception <a 'java/lang/NoSuchMethodError'{0x00000000c3b49980}: 'long java.lang.invoke.DirectMethodHandle$Holder.invokeStatic(java.lang.Object, java.lang.Object, int)'> (0x00000000c3b49980) 
thrown [s\src\hotspot\share\interpreter\linkResolver.cpp, line 784]
Event: 4.877 Thread 0x0000029ecd7f9910 Exception <a 'java/lang/NoSuchMethodError'{0x00000000c3b54c18}: 'java.lang.Object java.lang.invoke.DelegatingMethodHandle$Holder.reinvoke_L(java.lang.Object, int, long, java.lang.Object, java.lang.Object, int, java.lang.Object)'> (0x00000000c3b54c18) 
thrown [s\src\hotspot\share\interpreter\linkResolver.cpp, line 784]
Event: 4.930 Thread 0x0000029ecd7f9910 Exception <a 'java/lang/NoSuchMethodError'{0x00000000c3a0bea8}: 'java.lang.Object java.lang.invoke.DirectMethodHandle$Holder.invokeStatic(java.lang.Object, java.lang.Object, long, long)'> (0x00000000c3a0bea8) 
thrown [s\src\hotspot\share\interpreter\linkResolver.cpp, line 784]
Event: 4.941 Thread 0x0000029ecd7f9910 Exception <a 'java/lang/NoSuchMethodError'{0x00000000c3a3efb8}: 'java.lang.Object java.lang.invoke.DirectMethodHandle$Holder.newInvokeSpecial(java.lang.Object, java.lang.Object, java.lang.Object, long)'> (0x00000000c3a3efb8) 
thrown [s\src\hotspot\share\interpreter\linkResolver.cpp, line 784]
Event: 4.942 Thread 0x0000029ecd7f9910 Exception <a 'java/lang/NoSuchMethodError'{0x00000000c3a42b28}: 'java.lang.Object java.lang.invoke.Invokers$Holder.linkToTargetMethod(java.lang.Object, java.lang.Object, long, java.lang.Object)'> (0x00000000c3a42b28) 
thrown [s\src\hotspot\share\interpreter\linkResolver.cpp, line 784]
Event: 7.392 Thread 0x0000029ecd7f9910 Exception <a 'java/lang/NoSuchMethodError'{0x00000000c6b423b0}: 'java.lang.Object java.lang.invoke.DirectMethodHandle$Holder.newInvokeSpecial(java.lang.Object, java.lang.Object, java.lang.Object, java.lang.Object, java.lang.Object, java.lang.Object)'> (0x00000000c6b423b0) 
thrown [s\src\hotspot\share\interpreter\linkResolver.cpp, line 784]
Event: 7.441 Thread 0x0000029ecd7f9910 Exception <a 'java/lang/NoSuchMethodError'{0x00000000c6be8a08}: 'java.lang.Object java.lang.invoke.DirectMethodHandle$Holder.newInvokeSpecial(java.lang.Object, java.lang.Object, java.lang.Object, java.lang.Object, java.lang.Object, java.lang.Object, java.lang.Object)'> (0x00000000c6be8a08) 
thrown [s\src\hotspot\share\interpreter\linkResolver.cpp, line 784]

ZGC Phase Switch (0 events):
No events

VM Operations (20 events):
Event: 5.804 Executing non-safepoint VM operation: HandshakeAllThreads (Deoptimize)
Event: 5.804 Executing non-safepoint VM operation: HandshakeAllThreads (Deoptimize) done
Event: 5.960 Executing safepoint VM operation: G1CollectForAllocation (G1 Evacuation Pause)
Event: 5.971 Executing safepoint VM operation: G1CollectForAllocation (G1 Evacuation Pause) done
Event: 6.267 Executing safepoint VM operation: G1CollectForAllocation (G1 Evacuation Pause)
Event: 6.274 Executing safepoint VM operation: G1CollectForAllocation (G1 Evacuation Pause) done
Event: 7.106 Executing non-safepoint VM operation: HandshakeAllThreads (Deoptimize)
Event: 7.106 Executing non-safepoint VM operation: HandshakeAllThreads (Deoptimize) done
Event: 7.108 Executing non-safepoint VM operation: HandshakeAllThreads (Deoptimize)
Event: 7.108 Executing non-safepoint VM operation: HandshakeAllThreads (Deoptimize) done
Event: 7.166 Executing non-safepoint VM operation: HandshakeAllThreads (Deoptimize)
Event: 7.166 Executing non-safepoint VM operation: HandshakeAllThreads (Deoptimize) done
Event: 7.250 Executing safepoint VM operation: G1CollectForAllocation (G1 Evacuation Pause)
Event: 7.263 Executing safepoint VM operation: G1CollectForAllocation (G1 Evacuation Pause) done
Event: 7.370 Executing safepoint VM operation: CollectForMetadataAllocation (Metadata GC Threshold)
Event: 7.379 Executing safepoint VM operation: CollectForMetadataAllocation (Metadata GC Threshold) done
Event: 7.445 Executing safepoint VM operation: G1PauseRemark
Event: 7.450 Executing safepoint VM operation: G1PauseRemark done
Event: 7.476 Executing safepoint VM operation: G1PauseCleanup
Event: 7.476 Executing safepoint VM operation: G1PauseCleanup done

Memory protections (0 events):
No events

Nmethod flushes (20 events):
Event: 7.449 Thread 0x0000029ee3124db0 flushing  nmethod 0x0000029ed09a8190
Event: 7.449 Thread 0x0000029ee3124db0 flushing  nmethod 0x0000029ed09c3410
Event: 7.449 Thread 0x0000029ee3124db0 flushing  nmethod 0x0000029ed09c5390
Event: 7.449 Thread 0x0000029ee3124db0 flushing  nmethod 0x0000029ed09c6c10
Event: 7.449 Thread 0x0000029ee3124db0 flushing  nmethod 0x0000029ed09c6f10
Event: 7.449 Thread 0x0000029ee3124db0 flushing  nmethod 0x0000029ed09d1210
Event: 7.449 Thread 0x0000029ee3124db0 flushing  nmethod 0x0000029ed09d2a90
Event: 7.449 Thread 0x0000029ee3124db0 flushing  nmethod 0x0000029ed09d3110
Event: 7.449 Thread 0x0000029ee3124db0 flushing  nmethod 0x0000029ed09e7c90
Event: 7.449 Thread 0x0000029ee3124db0 flushing  nmethod 0x0000029ed09e8810
Event: 7.449 Thread 0x0000029ee3124db0 flushing  nmethod 0x0000029ed09eaa90
Event: 7.449 Thread 0x0000029ee3124db0 flushing  nmethod 0x0000029ed0a0aa90
Event: 7.449 Thread 0x0000029ee3124db0 flushing  nmethod 0x0000029ed0a0cb10
Event: 7.449 Thread 0x0000029ee3124db0 flushing  nmethod 0x0000029ed0a13710
Event: 7.449 Thread 0x0000029ee3124db0 flushing  nmethod 0x0000029ed0a21a90
Event: 7.449 Thread 0x0000029ee3124db0 flushing  nmethod 0x0000029ed0a26e90
Event: 7.449 Thread 0x0000029ee3124db0 flushing  nmethod 0x0000029ed0a46310
Event: 7.449 Thread 0x0000029ee3124db0 flushing  nmethod 0x0000029ed0ad1e10
Event: 7.449 Thread 0x0000029ee3124db0 flushing  nmethod 0x0000029ed0ae2410
Event: 7.449 Thread 0x0000029ee3124db0 flushing  nmethod 0x0000029ed0b37610

Events (20 events):
Event: 0.354 Thread 0x0000029ecd7f9910 Thread added: 0x0000029ee319fa60
Event: 0.410 Thread 0x0000029ecd7f9910 Thread added: 0x0000029ee330f670
Event: 0.411 Thread 0x0000029ecd7f9910 Thread added: 0x0000029ee31aeb20
Event: 0.417 Thread 0x0000029ecd7f9910 Thread added: 0x0000029ee31b0350
Event: 0.417 Thread 0x0000029ecd7f9910 Thread added: 0x0000029ee31b09c0
Event: 0.418 Thread 0x0000029ecd7f9910 Thread added: 0x0000029ee31b1420
Event: 0.418 Thread 0x0000029ecd7f9910 Thread added: 0x0000029ee31bddb0
Event: 0.420 Thread 0x0000029ecd7f9910 Thread added: 0x0000029ee32fa0a0
Event: 0.430 Thread 0x0000029ecd7f9910 Thread added: 0x0000029ee33378f0
Event: 0.737 Thread 0x0000029ecd7f9910 Thread added: 0x0000029ee34b45d0
Event: 0.830 Loaded shared library C:\Program Files\Android\Android Studio\jbr\bin\net.dll
Event: 0.844 Loaded shared library C:\Program Files\Android\Android Studio\jbr\bin\nio.dll
Event: 0.929 Thread 0x0000029ee32fa0a0 Thread added: 0x0000029ee3338690
Event: 0.986 Loaded shared library C:\Program Files\Android\Android Studio\jbr\bin\zip.dll
Event: 1.057 Thread 0x0000029ee3338690 Thread exited: 0x0000029ee3338690
Event: 1.229 Loaded shared library C:\Program Files\Android\Android Studio\jbr\bin\jimage.dll
Event: 1.800 Thread 0x0000029ee32fa0a0 Thread added: 0x0000029ee3337fc0
Event: 1.931 Thread 0x0000029ee3337fc0 Thread exited: 0x0000029ee3337fc0
Event: 2.289 Loaded shared library C:\Program Files\Android\Android Studio\jbr\bin\management.dll
Event: 2.314 Loaded shared library C:\Program Files\Android\Android Studio\jbr\bin\management_ext.dll


Dynamic libraries:
0x00007ff6346b0000 - 0x00007ff6346ba000 	C:\Program Files\Android\Android Studio\jbr\bin\java.exe
0x00007ffdcf160000 - 0x00007ffdcf3c9000 	C:\WINDOWS\SYSTEM32\ntdll.dll
0x00007ffdcd280000 - 0x00007ffdcd349000 	C:\WINDOWS\System32\KERNEL32.DLL
0x00007ffdcc450000 - 0x00007ffdcc843000 	C:\WINDOWS\System32\KERNELBASE.dll
0x00007ffdcccb0000 - 0x00007ffdccdfb000 	C:\WINDOWS\System32\ucrtbase.dll
0x00007ffdb9250000 - 0x00007ffdb926b000 	C:\Program Files\Android\Android Studio\jbr\bin\VCRUNTIME140.dll
0x00007ffdaa910000 - 0x00007ffdaa928000 	C:\Program Files\Android\Android Studio\jbr\bin\jli.dll
0x00007ffdcdb30000 - 0x00007ffdcdcf4000 	C:\WINDOWS\System32\USER32.dll
0x00007ffdbab70000 - 0x00007ffdbae03000 	C:\WINDOWS\WinSxS\amd64_microsoft.windows.common-controls_6595b64144ccf1df_6.0.26100.5074_none_3e0d6f78e32fd63f\COMCTL32.dll
0x00007ffdcda30000 - 0x00007ffdcdad9000 	C:\WINDOWS\System32\msvcrt.dll
0x00007ffdcc420000 - 0x00007ffdcc447000 	C:\WINDOWS\System32\win32u.dll
0x00007ffdcd6d0000 - 0x00007ffdcd6fb000 	C:\WINDOWS\System32\GDI32.dll
0x00007ffdcce00000 - 0x00007ffdccf2d000 	C:\WINDOWS\System32\gdi32full.dll
0x00007ffdcc850000 - 0x00007ffdcc8f3000 	C:\WINDOWS\System32\msvcp_win.dll
0x00007ffdcdae0000 - 0x00007ffdcdb0f000 	C:\WINDOWS\System32\IMM32.DLL
0x00007ffdc1ba0000 - 0x00007ffdc1bac000 	C:\Program Files\Android\Android Studio\jbr\bin\vcruntime140_1.dll
0x00007ffd91360000 - 0x00007ffd913ed000 	C:\Program Files\Android\Android Studio\jbr\bin\msvcp140.dll
0x00007ffd2e040000 - 0x00007ffd2ecd6000 	C:\Program Files\Android\Android Studio\jbr\bin\server\jvm.dll
0x00007ffdcd870000 - 0x00007ffdcd924000 	C:\WINDOWS\System32\ADVAPI32.dll
0x00007ffdcdea0000 - 0x00007ffdcdf46000 	C:\WINDOWS\System32\sechost.dll
0x00007ffdcd0a0000 - 0x00007ffdcd1b8000 	C:\WINDOWS\System32\RPCRT4.dll
0x00007ffdcdf50000 - 0x00007ffdcdfc4000 	C:\WINDOWS\System32\WS2_32.dll
0x00007ffdcc150000 - 0x00007ffdcc1ae000 	C:\WINDOWS\SYSTEM32\POWRPROF.dll
0x00007ffdb5f60000 - 0x00007ffdb5f95000 	C:\WINDOWS\SYSTEM32\WINMM.dll
0x00007ffdc01e0000 - 0x00007ffdc01eb000 	C:\WINDOWS\SYSTEM32\VERSION.dll
0x00007ffdcc130000 - 0x00007ffdcc144000 	C:\WINDOWS\SYSTEM32\UMPDC.dll
0x00007ffdcb0d0000 - 0x00007ffdcb0eb000 	C:\WINDOWS\SYSTEM32\kernel.appcore.dll
0x00007ffdbea50000 - 0x00007ffdbea5a000 	C:\Program Files\Android\Android Studio\jbr\bin\jimage.dll
0x00007ffdc9a40000 - 0x00007ffdc9c82000 	C:\WINDOWS\SYSTEM32\DBGHELP.DLL
0x00007ffdcd350000 - 0x00007ffdcd6cb000 	C:\WINDOWS\System32\combase.dll
0x00007ffdcf040000 - 0x00007ffdcf117000 	C:\WINDOWS\System32\OLEAUT32.dll
0x00007ffda5670000 - 0x00007ffda56ad000 	C:\WINDOWS\SYSTEM32\dbgcore.DLL
0x00007ffdcc2f0000 - 0x00007ffdcc389000 	C:\WINDOWS\System32\bcryptPrimitives.dll
0x00007ffdb9230000 - 0x00007ffdb9250000 	C:\Program Files\Android\Android Studio\jbr\bin\java.dll
0x00007ffdb81e0000 - 0x00007ffdb81f8000 	C:\Program Files\Android\Android Studio\jbr\bin\zip.dll
0x00007ffdcdfe0000 - 0x00007ffdce72d000 	C:\WINDOWS\System32\SHELL32.dll
0x00007ffdccb40000 - 0x00007ffdcccac000 	C:\WINDOWS\System32\wintypes.dll
0x00007ffdc9f90000 - 0x00007ffdca7e9000 	C:\WINDOWS\SYSTEM32\windows.storage.dll
0x00007ffdcd930000 - 0x00007ffdcda20000 	C:\WINDOWS\System32\SHCORE.dll
0x00007ffdcd030000 - 0x00007ffdcd092000 	C:\WINDOWS\System32\shlwapi.dll
0x00007ffdcc210000 - 0x00007ffdcc239000 	C:\WINDOWS\SYSTEM32\profapi.dll
0x00007ffdbea20000 - 0x00007ffdbea30000 	C:\Program Files\Android\Android Studio\jbr\bin\net.dll
0x00007ffdbf140000 - 0x00007ffdbf25f000 	C:\WINDOWS\SYSTEM32\WINHTTP.dll
0x00007ffdcb650000 - 0x00007ffdcb6bb000 	C:\WINDOWS\system32\mswsock.dll
0x00007ffdb6350000 - 0x00007ffdb6366000 	C:\Program Files\Android\Android Studio\jbr\bin\nio.dll
0x00007ffdb9a20000 - 0x00007ffdb9a29000 	C:\Program Files\Android\Android Studio\jbr\bin\management.dll
0x00007ffdb9990000 - 0x00007ffdb999b000 	C:\Program Files\Android\Android Studio\jbr\bin\management_ext.dll
0x00007ffdcdfd0000 - 0x00007ffdcdfd8000 	C:\WINDOWS\System32\PSAPI.DLL
0x00007ffdb90d0000 - 0x00007ffdb90e0000 	C:\Program Files\Android\Android Studio\jbr\bin\verify.dll

JVMTI agents: none

dbghelp: loaded successfully - version: 4.0.5 - missing functions: none
symbol engine: initialized successfully - sym options: 0x614 - pdb path: .;C:\Program Files\Android\Android Studio\jbr\bin;C:\WINDOWS\SYSTEM32;C:\WINDOWS\WinSxS\amd64_microsoft.windows.common-controls_6595b64144ccf1df_6.0.26100.5074_none_3e0d6f78e32fd63f;C:\Program Files\Android\Android Studio\jbr\bin\server

VM Arguments:
java_command: org.jetbrains.kotlin.cli.jvm.K2JVMCompiler @C:\Users\MINEDUCYT\AndroidStudioProjects\idfun2\app\build\20261001_15588863305898392048.compiler.options
java_class_path (initial): C:\Users\MINEDUCYT\.gradle\caches\modules-2\files-2.1\org.jetbrains.kotlin\kotlin-compiler-embeddable\2.2.10\6882d39ef03b18879c1a5d2a83c2212361bed5fe\kotlin-compiler-embeddable-2.2.10.jar;C:\Users\MINEDUCYT\.gradle\caches\modules-2\files-2.1\org.jetbrains.kotlin\kotlin-stdlib\2.2.10\30de6faa127a4a012db8e71bf1b9c0a99b1402b2\kotlin-stdlib-2.2.10.jar;C:\Users\MINEDUCYT\.gradle\caches\modules-2\files-2.1\org.jetbrains.kotlin\kotlin-script-runtime\2.2.10\712f9bc08f378c13a4a00f0bbb28c76e59183e83\kotlin-script-runtime-2.2.10.jar;C:\Users\MINEDUCYT\.gradle\caches\modules-2\files-2.1\org.jetbrains.kotlin\kotlin-reflect\1.6.10\1cbe9c92c12a94eea200d23c2bbaedaf3daf5132\kotlin-reflect-1.6.10.jar;C:\Users\MINEDUCYT\.gradle\caches\modules-2\files-2.1\org.jetbrains.kotlin\kotlin-daemon-embeddable\2.2.10\212fd3c2c6e4e5d0f4db3c4191233e2b622380cc\kotlin-daemon-embeddable-2.2.10.jar;C:\Users\MINEDUCYT\.gradle\caches\modules-2\files-2.1\org.jetbrains.kotlinx\kotlinx-coroutines-core-jvm\1.8.0\ac1dc37a30a93150b704022f8d895ee1bd3a36b3\kotlinx-coroutines-core-jvm-1.8.0.jar;C:\Users\MINEDUCYT\.gradle\caches\modules-2\files-2.1\org.jetbrains\annotations\13.0\919f0dfe192fb4e063e7dacadee7f8bb9a2672a9\annotations-13.0.jar
Launcher Type: SUN_STANDARD

[Global flags]
     intx CICompilerCount                          = 3                                         {product} {ergonomic}
     uint ConcGCThreads                            = 1                                         {product} {ergonomic}
     uint G1ConcRefinementThreads                  = 4                                         {product} {ergonomic}
   size_t G1HeapRegionSize                         = 1048576                                   {product} {ergonomic}
    uintx GCDrainStackTargetSize                   = 64                                        {product} {ergonomic}
   size_t InitialHeapSize                          = 65011712                                  {product} {ergonomic}
   size_t MarkStackSize                            = 4194304                                   {product} {ergonomic}
   size_t MaxHeapSize                              = 1025507328                                {product} {ergonomic}
   size_t MaxNewSize                               = 614465536                                 {product} {ergonomic}
   size_t MinHeapDeltaBytes                        = 1048576                                   {product} {ergonomic}
   size_t MinHeapSize                              = 8388608                                   {product} {ergonomic}
    uintx NonNMethodCodeHeapSize                   = 5832780                                {pd product} {ergonomic}
    uintx NonProfiledCodeHeapSize                  = 122912730                              {pd product} {ergonomic}
    uintx ProfiledCodeHeapSize                     = 122912730                              {pd product} {ergonomic}
    uintx ReservedCodeCacheSize                    = 251658240                              {pd product} {ergonomic}
     bool SegmentedCodeCache                       = true                                      {product} {ergonomic}
   size_t SoftMaxHeapSize                          = 1025507328                             {manageable} {ergonomic}
     bool UseCompressedOops                        = true                           {product lp64_product} {ergonomic}
     bool UseG1GC                                  = true                                      {product} {ergonomic}
     bool UseLargePagesIndividualAllocation        = false                                  {pd product} {ergonomic}

Logging:
Log output configuration:
 #0: stdout all=warning uptime,level,tags foldmultilines=false
 #1: stderr all=off uptime,level,tags foldmultilines=false

Release file:
JAVA_VERSION="21.0.10" 
MODULES="java.base java.compiler java.datatransfer java.xml java.prefs java.desktop java.instrument java.logging java.management java.security.sasl java.naming java.rmi java.management.rmi java.net.http java.scripting java.security.jgss java.transaction.xa java.sql java.sql.rowset java.xml.crypto java.se java.smartcardio jdk.accessibility jdk.internal.jvmstat jdk.attach jdk.charsets jdk.internal.opt jdk.zipfs jdk.compiler jdk.crypto.ec jdk.crypto.cryptoki jdk.dynalink jdk.hotspot.agent jdk.httpserver jdk.internal.ed jdk.internal.le jdk.internal.vm.ci jdk.jartool jdk.javadoc jdk.jcmd jdk.jdeps jdk.jdwp.agent jdk.jdi jdk.jfr jdk.jlink jdk.jsobject jdk.localedata jdk.management jdk.management.agent jdk.management.jfr jdk.naming.dns jdk.naming.rmi jdk.net jdk.sctp jdk.security.auth jdk.security.jgss jdk.unsupported jdk.unsupported.desktop jdk.xml.dom" 
IMPLEMENTOR="JetBrains s.r.o." 
JAVA_RUNTIME_VERSION="21.0.10+-14961533-b1163.108" 
LIBC="default" 
OS_ARCH="x86_64" 
OS_NAME="Windows" 
SOURCE=".:git:1351622c2ff2" 

Environment Variables:
PATH=C:\WINDOWS\system32;C:\WINDOWS;C:\WINDOWS\System32\Wbem;C:\WINDOWS\System32\WindowsPowerShell\v1.0\;C:\WINDOWS\System32\OpenSSH\;C:\Program Files\dotnet\;C:\Program Files\Java\jdk-24\bin;C:\Program Files\Git\cmd;C:\Users\MINEDUCYT\AppData\Local\Microsoft\WindowsApps;C:\Program Files\JetBrains\IntelliJ IDEA 2026.1.4\bin;C:\Users\MINEDUCYT\AppData\Local\Programs\Microsoft VS Code\bin
USERNAME=MINEDUCYT
OS=Windows_NT
PROCESSOR_IDENTIFIER=Intel64 Family 6 Model 156 Stepping 0, GenuineIntel
TMP=C:\Users\MINEDU~1\AppData\Local\Temp
TEMP=C:\Users\MINEDU~1\AppData\Local\Temp




Periodic native trim disabled

JNI global refs:
JNI global refs: 7, weak refs: 0

JNI global refs memory usage: 835, weak refs: 201

Process memory usage:
Resident Set Size: 178520K (4% of 4005476K total physical memory with 247652K free physical memory)

OOME stack traces (most recent first):
Classloader memory used:
Loader jdk.internal.loader.ClassLoaders$AppClassLoader                                 : 27516K
Loader bootstrap                                                                       : 11226K
Loader jdk.internal.jrtfs.JrtFileSystemProvider$JrtFsLoader                            : 303K
Loader java.net.URLClassLoader                                                         : 295K
Loader jdk.internal.loader.ClassLoaders$PlatformClassLoader                            : 67880B

Classes loaded by more than one classloader:
Class jdk.internal.jimage.BasicImageReader                                            : loaded 2 times (x 95B)
Class jdk.internal.jimage.decompressor.StringSharingDecompressorFactory               : loaded 2 times (x 74B)
Class jdk.internal.jrtfs.JrtFileSystemProvider                                        : loaded 2 times (x 101B)
Class jdk.internal.jimage.ImageLocation                                               : loaded 2 times (x 90B)
Class jdk.internal.jimage.ImageBufferCache$1                                          : loaded 2 times (x 83B)
Class jdk.internal.jimage.ImageBufferCache$2                                          : loaded 2 times (x 91B)
Class jdk.internal.jimage.ImageHeader                                                 : loaded 2 times (x 71B)
Class jdk.internal.jimage.decompressor.ResourceDecompressor                           : loaded 2 times (x 70B)
Class jdk.internal.jimage.ImageStringsReader                                          : loaded 2 times (x 80B)
Class jdk.internal.jimage.ImageReader                                                 : loaded 2 times (x 75B)
Class jdk.internal.jimage.ImageReader$SharedImageReader                               : loaded 2 times (x 95B)
Class jdk.internal.jimage.decompressor.ResourceDecompressorFactory                    : loaded 2 times (x 74B)
Class jdk.internal.jimage.ImageReader$Node                                            : loaded 2 times (x 84B)
Class jdk.internal.jimage.BasicImageReader$1                                          : loaded 2 times (x 77B)
Class jdk.internal.jimage.decompressor.Decompressor                                   : loaded 2 times (x 72B)
Class jdk.internal.jimage.ImageBufferCache                                            : loaded 2 times (x 71B)
Class jdk.internal.jrtfs.JrtPath                                                      : loaded 2 times (x 118B)
Class jdk.internal.jimage.decompressor.ResourceDecompressorRepository                 : loaded 2 times (x 71B)
Class jdk.internal.jimage.ImageReader$Directory                                       : loaded 2 times (x 84B)
Class jdk.internal.jimage.decompressor.ZipDecompressorFactory                         : loaded 2 times (x 74B)
Class jdk.internal.jimage.decompressor.ZipDecompressor                                : loaded 2 times (x 75B)
Class jdk.internal.jimage.ImageStrings                                                : loaded 2 times (x 70B)
Class jdk.internal.jrtfs.JrtFileSystem                                                : loaded 2 times (x 102B)
Class jdk.internal.jimage.decompressor.CompressedResourceHeader                       : loaded 2 times (x 71B)
Class jdk.internal.jimage.decompressor.ResourceDecompressor$StringsProvider           : loaded 2 times (x 70B)

---------------  S Y S T E M  ---------------

OS:
 Windows 11 , 64 bit Build 26100 (10.0.26100.5074)
OS uptime: 0 days 4:36 hours

CPU: total 4 (initial active 4) (4 cores per cpu, 1 threads per core) family 6 model 156 stepping 0 microcode 0x24000026, cx8, cmov, fxsr, mmx, 3dnowpref, sse, sse2, sse3, ssse3, sse4.1, sse4.2, popcnt, tsc, tscinvbit, aes, erms, clmul, sha, clflush, clflushopt, clwb, rdtscp, rdpid
Processor Information for the first 4 processors :
  Max Mhz: 1114, Current Mhz: 1114, Mhz Limit: 1114

Memory: 4k page, system-wide physical 3911M (242M free)
TotalPageFile size 15687M (AvailPageFile size 2M)
current process WorkingSet (physical memory assigned to process): 174M, peak: 174M
current process commit charge ("private bytes"): 199M, peak: 200M

vm_info: OpenJDK 64-Bit Server VM (21.0.10+-14961533-b1163.108) for windows-amd64 JRE (21.0.10+-14961533-b1163.108), built on 2026-03-02T19:58:50Z by "builder" with MS VC++ 16.10 / 16.11 (VS2019)

END.
